++========================================
||
||   Package:  ./deps/phonon-4.11.1-x86_64-1alien.txz
||
++========================================
drwxr-xr-x root/root         0 2019-10-11 19:40 ./
drwxr-xr-x root/root         0 2019-10-11 19:40 install/
-rw-r--r-- root/root       510 2019-10-11 19:40 install/doinst.sh
-rw-r--r-- root/root       880 2019-10-11 19:40 install/slack-desc
drwxr-xr-x root/root         0 2019-10-11 19:40 usr/
drwxr-xr-x root/root         0 2019-10-11 19:40 usr/bin/
-rwxr-xr-x root/root    164176 2019-10-11 19:40 usr/bin/phononsettings
drwxr-xr-x root/root         0 2019-10-11 19:40 usr/doc/
drwxr-xr-x root/root         0 2019-10-11 19:40 usr/doc/phonon-4.11.1/
-rw-r--r-- root/root       469 2019-09-26 12:29 usr/doc/phonon-4.11.1/BUGS
-rw-r--r-- root/root      2914 2019-09-26 12:29 usr/doc/phonon-4.11.1/IDEAS
-rw-r--r-- root/root      1271 2019-09-26 12:29 usr/doc/phonon-4.11.1/TODO
drwxr-xr-x root/root         0 2019-10-11 19:40 usr/include/
drwxr-xr-x root/root         0 2019-10-11 19:40 usr/include/phonon4qt5/
drwxr-xr-x root/root         0 2019-10-11 19:40 usr/include/phonon4qt5/KDE/
drwxr-xr-x root/root         0 2019-10-11 19:40 usr/include/phonon4qt5/KDE/Phonon/
-rw-r--r-- root/root        46 2019-09-26 12:29 usr/include/phonon4qt5/KDE/Phonon/AbstractAudioOutput
-rw-r--r-- root/root        46 2019-09-26 12:29 usr/include/phonon4qt5/KDE/Phonon/AbstractMediaStream
-rw-r--r-- root/root        46 2019-09-26 12:29 usr/include/phonon4qt5/KDE/Phonon/AbstractVideoOutput
-rw-r--r-- root/root        41 2019-09-26 12:29 usr/include/phonon4qt5/KDE/Phonon/AddonInterface
-rw-r--r-- root/root        38 2019-09-26 12:29 usr/include/phonon4qt5/KDE/Phonon/AudioDevice
-rw-r--r-- root/root        48 2019-09-26 12:29 usr/include/phonon4qt5/KDE/Phonon/AudioDeviceEnumerator
-rw-r--r-- root/root        38 2019-09-26 12:29 usr/include/phonon4qt5/KDE/Phonon/AudioOutput
-rw-r--r-- root/root        44 2019-09-26 12:29 usr/include/phonon4qt5/KDE/Phonon/AudioOutputDevice
-rw-r--r-- root/root        49 2019-09-26 12:29 usr/include/phonon4qt5/KDE/Phonon/AudioOutputDeviceModel
-rw-r--r-- root/root        47 2019-09-26 12:29 usr/include/phonon4qt5/KDE/Phonon/AudioOutputInterface
-rw-r--r-- root/root        46 2019-09-26 12:29 usr/include/phonon4qt5/KDE/Phonon/BackendCapabilities
-rw-r--r-- root/root        43 2019-09-26 12:29 usr/include/phonon4qt5/KDE/Phonon/BackendInterface
-rw-r--r-- root/root        33 2019-09-26 12:29 usr/include/phonon4qt5/KDE/Phonon/Effect
-rw-r--r-- root/root        44 2019-09-26 12:29 usr/include/phonon4qt5/KDE/Phonon/EffectDescription
-rw-r--r-- root/root        49 2019-09-26 12:29 usr/include/phonon4qt5/KDE/Phonon/EffectDescriptionModel
-rw-r--r-- root/root        42 2019-09-26 12:29 usr/include/phonon4qt5/KDE/Phonon/EffectInterface
-rw-r--r-- root/root        42 2019-09-26 12:29 usr/include/phonon4qt5/KDE/Phonon/EffectParameter
-rw-r--r-- root/root        39 2019-09-26 12:29 usr/include/phonon4qt5/KDE/Phonon/EffectWidget
drwxr-xr-x root/root         0 2019-10-11 19:40 usr/include/phonon4qt5/KDE/Phonon/Experimental/
-rw-r--r-- root/root        66 2019-09-26 12:29 usr/include/phonon4qt5/KDE/Phonon/Experimental/AbstractVideoDataOutput
-rw-r--r-- root/root        58 2019-09-26 12:29 usr/include/phonon4qt5/KDE/Phonon/Experimental/AudioDataOutput
-rw-r--r-- root/root        60 2019-09-26 12:29 usr/include/phonon4qt5/KDE/Phonon/Experimental/SnapshotInterface
-rw-r--r-- root/root        58 2019-09-26 12:29 usr/include/phonon4qt5/KDE/Phonon/Experimental/VideoDataOutput
-rw-r--r-- root/root        67 2019-09-26 12:29 usr/include/phonon4qt5/KDE/Phonon/Experimental/VideoDataOutputInterface
-rw-r--r-- root/root        53 2019-09-26 12:29 usr/include/phonon4qt5/KDE/Phonon/Experimental/VideoFrame
-rw-r--r-- root/root        54 2019-09-26 12:29 usr/include/phonon4qt5/KDE/Phonon/Experimental/VideoFrame2
-rw-r--r-- root/root        56 2019-09-26 12:29 usr/include/phonon4qt5/KDE/Phonon/Experimental/Visualization
-rw-r--r-- root/root        42 2019-09-26 12:29 usr/include/phonon4qt5/KDE/Phonon/Global
-rw-r--r-- root/root        42 2019-09-26 12:29 usr/include/phonon4qt5/KDE/Phonon/MediaController
-rw-r--r-- root/root        36 2019-09-26 12:29 usr/include/phonon4qt5/KDE/Phonon/MediaNode
-rw-r--r-- root/root        38 2019-09-26 12:29 usr/include/phonon4qt5/KDE/Phonon/MediaObject
-rw-r--r-- root/root        47 2019-09-26 12:29 usr/include/phonon4qt5/KDE/Phonon/MediaObjectInterface
-rw-r--r-- root/root        38 2019-09-26 12:29 usr/include/phonon4qt5/KDE/Phonon/MediaSource
-rw-r--r-- root/root        44 2019-09-26 12:29 usr/include/phonon4qt5/KDE/Phonon/ObjectDescription
-rw-r--r-- root/root        49 2019-09-26 12:29 usr/include/phonon4qt5/KDE/Phonon/ObjectDescriptionModel
-rw-r--r-- root/root        31 2019-09-26 12:29 usr/include/phonon4qt5/KDE/Phonon/Path
-rw-r--r-- root/root        41 2019-09-26 12:29 usr/include/phonon4qt5/KDE/Phonon/PlatformPlugin
-rw-r--r-- root/root        37 2019-09-26 12:29 usr/include/phonon4qt5/KDE/Phonon/SeekSlider
-rw-r--r-- root/root        42 2019-09-26 12:29 usr/include/phonon4qt5/KDE/Phonon/StreamInterface
-rw-r--r-- root/root        38 2019-09-26 12:29 usr/include/phonon4qt5/KDE/Phonon/VideoPlayer
-rw-r--r-- root/root        38 2019-09-26 12:29 usr/include/phonon4qt5/KDE/Phonon/VideoWidget
-rw-r--r-- root/root        47 2019-09-26 12:29 usr/include/phonon4qt5/KDE/Phonon/VideoWidgetInterface
-rw-r--r-- root/root        44 2019-09-26 12:29 usr/include/phonon4qt5/KDE/Phonon/VolumeFaderEffect
-rw-r--r-- root/root        47 2019-09-26 12:29 usr/include/phonon4qt5/KDE/Phonon/VolumeFaderInterface
-rw-r--r-- root/root        39 2019-09-26 12:29 usr/include/phonon4qt5/KDE/Phonon/VolumeSlider
drwxr-xr-x root/root         0 2019-10-11 19:40 usr/include/phonon4qt5/phonon/
-rw-r--r-- root/root        33 2019-09-26 12:29 usr/include/phonon4qt5/phonon/AbstractAudioOutput
-rw-r--r-- root/root        33 2019-09-26 12:29 usr/include/phonon4qt5/phonon/AbstractMediaStream
-rw-r--r-- root/root        33 2019-09-26 12:29 usr/include/phonon4qt5/phonon/AbstractVideoOutput
-rw-r--r-- root/root        28 2019-09-26 12:29 usr/include/phonon4qt5/phonon/AddonInterface
-rw-r--r-- root/root        31 2019-09-26 12:29 usr/include/phonon4qt5/phonon/AudioCaptureDevice
-rw-r--r-- root/root        36 2019-09-26 12:29 usr/include/phonon4qt5/phonon/AudioCaptureDeviceModel
-rw-r--r-- root/root        31 2019-09-26 12:29 usr/include/phonon4qt5/phonon/AudioChannelDescription
-rw-r--r-- root/root        36 2019-09-26 12:29 usr/include/phonon4qt5/phonon/AudioChannelDescriptionModel
-rw-r--r-- root/root        29 2019-09-26 12:29 usr/include/phonon4qt5/phonon/AudioDataOutput
-rw-r--r-- root/root        25 2019-09-26 12:29 usr/include/phonon4qt5/phonon/AudioOutput
-rw-r--r-- root/root        31 2019-09-26 12:29 usr/include/phonon4qt5/phonon/AudioOutputDevice
-rw-r--r-- root/root        36 2019-09-26 12:29 usr/include/phonon4qt5/phonon/AudioOutputDeviceModel
-rw-r--r-- root/root        34 2019-09-26 12:29 usr/include/phonon4qt5/phonon/AudioOutputInterface
-rw-r--r-- root/root        34 2019-09-26 12:29 usr/include/phonon4qt5/phonon/AudioOutputInterface40
-rw-r--r-- root/root        34 2019-09-26 12:29 usr/include/phonon4qt5/phonon/AudioOutputInterface42
-rw-r--r-- root/root        36 2019-09-26 12:29 usr/include/phonon4qt5/phonon/AvCapture
-rw-r--r-- root/root        33 2019-09-26 12:29 usr/include/phonon4qt5/phonon/BackendCapabilities
-rw-r--r-- root/root        30 2019-09-26 12:29 usr/include/phonon4qt5/phonon/BackendInterface
-rw-r--r-- root/root        20 2019-09-26 12:29 usr/include/phonon4qt5/phonon/Effect
-rw-r--r-- root/root        31 2019-09-26 12:29 usr/include/phonon4qt5/phonon/EffectDescription
-rw-r--r-- root/root        36 2019-09-26 12:29 usr/include/phonon4qt5/phonon/EffectDescriptionModel
-rw-r--r-- root/root        29 2019-09-26 12:29 usr/include/phonon4qt5/phonon/EffectInterface
-rw-r--r-- root/root        29 2019-09-26 12:29 usr/include/phonon4qt5/phonon/EffectParameter
-rw-r--r-- root/root        26 2019-09-26 12:29 usr/include/phonon4qt5/phonon/EffectWidget
-rw-r--r-- root/root        29 2019-09-26 12:29 usr/include/phonon4qt5/phonon/Global
-rw-r--r-- root/root        40 2019-09-26 12:29 usr/include/phonon4qt5/phonon/GlobalDescriptionContainer
-rw-r--r-- root/root        29 2019-09-26 12:29 usr/include/phonon4qt5/phonon/MediaController
-rw-r--r-- root/root        23 2019-09-26 12:29 usr/include/phonon4qt5/phonon/MediaNode
-rw-r--r-- root/root        25 2019-09-26 12:29 usr/include/phonon4qt5/phonon/MediaObject
-rw-r--r-- root/root        34 2019-09-26 12:29 usr/include/phonon4qt5/phonon/MediaObjectInterface
-rw-r--r-- root/root        25 2019-09-26 12:29 usr/include/phonon4qt5/phonon/MediaSource
-rw-r--r-- root/root        17 2019-09-26 12:29 usr/include/phonon4qt5/phonon/Mrl
-rw-r--r-- root/root        31 2019-09-26 12:29 usr/include/phonon4qt5/phonon/ObjectDescription
-rw-r--r-- root/root        31 2019-09-26 12:29 usr/include/phonon4qt5/phonon/ObjectDescriptionData
-rw-r--r-- root/root        36 2019-09-26 12:29 usr/include/phonon4qt5/phonon/ObjectDescriptionModel
-rw-r--r-- root/root        36 2019-09-26 12:29 usr/include/phonon4qt5/phonon/ObjectDescriptionModelData
-rw-r--r-- root/root        18 2019-09-26 12:29 usr/include/phonon4qt5/phonon/Path
-rw-r--r-- root/root        28 2019-09-26 12:29 usr/include/phonon4qt5/phonon/PlatformPlugin
-rw-r--r-- root/root        24 2019-09-26 12:29 usr/include/phonon4qt5/phonon/SeekSlider
-rw-r--r-- root/root        29 2019-09-26 12:29 usr/include/phonon4qt5/phonon/StreamInterface
-rw-r--r-- root/root        31 2019-09-26 12:29 usr/include/phonon4qt5/phonon/SubtitleDescription
-rw-r--r-- root/root        36 2019-09-26 12:29 usr/include/phonon4qt5/phonon/SubtitleDescriptionModel
-rw-r--r-- root/root        31 2019-09-26 12:29 usr/include/phonon4qt5/phonon/VideoCaptureDevice
-rw-r--r-- root/root        36 2019-09-26 12:29 usr/include/phonon4qt5/phonon/VideoCaptureDeviceModel
-rw-r--r-- root/root        25 2019-09-26 12:29 usr/include/phonon4qt5/phonon/VideoPlayer
-rw-r--r-- root/root        25 2019-09-26 12:29 usr/include/phonon4qt5/phonon/VideoWidget
-rw-r--r-- root/root        34 2019-09-26 12:29 usr/include/phonon4qt5/phonon/VideoWidgetInterface
-rw-r--r-- root/root        34 2019-09-26 12:29 usr/include/phonon4qt5/phonon/VideoWidgetInterface44
-rw-r--r-- root/root        34 2019-09-26 12:29 usr/include/phonon4qt5/phonon/VideoWidgetInterfaceLatest
-rw-r--r-- root/root        31 2019-09-26 12:29 usr/include/phonon4qt5/phonon/VolumeFaderEffect
-rw-r--r-- root/root        34 2019-09-26 12:29 usr/include/phonon4qt5/phonon/VolumeFaderInterface
-rw-r--r-- root/root        26 2019-09-26 12:29 usr/include/phonon4qt5/phonon/VolumeSlider
-rw-r--r-- root/root      1851 2019-09-26 12:29 usr/include/phonon4qt5/phonon/abstractaudiooutput.h
-rw-r--r-- root/root      6632 2019-09-26 12:29 usr/include/phonon4qt5/phonon/abstractmediastream.h
-rw-r--r-- root/root      2226 2019-09-26 12:29 usr/include/phonon4qt5/phonon/abstractvideooutput.h
-rw-r--r-- root/root      8205 2019-09-26 12:29 usr/include/phonon4qt5/phonon/addoninterface.h
-rw-r--r-- root/root      4863 2019-09-26 12:29 usr/include/phonon4qt5/phonon/audiodataoutput.h
-rw-r--r-- root/root      1576 2019-09-26 12:29 usr/include/phonon4qt5/phonon/audiodataoutputinterface.h
-rw-r--r-- root/root      6893 2019-09-26 12:29 usr/include/phonon4qt5/phonon/audiooutput.h
-rw-r--r-- root/root     10718 2019-09-26 12:29 usr/include/phonon4qt5/phonon/audiooutputinterface.h
-rw-r--r-- root/root      8797 2019-09-26 12:29 usr/include/phonon4qt5/phonon/backendcapabilities.h
-rw-r--r-- root/root      9752 2019-09-26 12:29 usr/include/phonon4qt5/phonon/backendinterface.h
-rw-r--r-- root/root      3674 2019-09-26 12:29 usr/include/phonon4qt5/phonon/effect.h
-rw-r--r-- root/root      2262 2019-09-26 12:29 usr/include/phonon4qt5/phonon/effectinterface.h
-rw-r--r-- root/root      7578 2019-09-26 12:29 usr/include/phonon4qt5/phonon/effectparameter.h
-rw-r--r-- root/root      2447 2019-09-26 12:29 usr/include/phonon4qt5/phonon/effectwidget.h
drwxr-xr-x root/root         0 2019-10-11 19:40 usr/include/phonon4qt5/phonon/experimental/
-rw-r--r-- root/root      3167 2019-09-26 12:29 usr/include/phonon4qt5/phonon/experimental/abstractaudiodataoutput.h
-rw-r--r-- root/root      3528 2019-09-26 12:29 usr/include/phonon4qt5/phonon/experimental/abstractvideodataoutput.h
-rw-r--r-- root/root      7095 2019-09-26 12:29 usr/include/phonon4qt5/phonon/experimental/audiodataoutput.h
-rw-r--r-- root/root      1673 2019-09-26 12:29 usr/include/phonon4qt5/phonon/experimental/audiodataoutputinterface.h
-rw-r--r-- root/root      3038 2019-09-26 12:29 usr/include/phonon4qt5/phonon/experimental/audioformat.h
-rw-r--r-- root/root      6964 2019-09-26 12:29 usr/include/phonon4qt5/phonon/experimental/avcapture.h
-rw-r--r-- root/root      1961 2019-09-26 12:29 usr/include/phonon4qt5/phonon/experimental/avcaptureinterface.h
-rw-r--r-- root/root      1585 2019-09-26 12:29 usr/include/phonon4qt5/phonon/experimental/backendcapabilities.h
-rw-r--r-- root/root      1480 2019-09-26 12:29 usr/include/phonon4qt5/phonon/experimental/backendinterface.h
-rw-r--r-- root/root      1494 2019-09-26 12:29 usr/include/phonon4qt5/phonon/experimental/export.h
-rw-r--r-- root/root      2181 2019-09-26 12:29 usr/include/phonon4qt5/phonon/experimental/globalconfig.h
-rw-r--r-- root/root      2541 2019-09-26 12:29 usr/include/phonon4qt5/phonon/experimental/mediasource.h
-rw-r--r-- root/root      2142 2019-09-26 12:29 usr/include/phonon4qt5/phonon/experimental/objectdescription.h
-rw-r--r-- root/root      4029 2019-09-26 12:29 usr/include/phonon4qt5/phonon/experimental/packet.h
-rw-r--r-- root/root      2448 2019-09-26 12:29 usr/include/phonon4qt5/phonon/experimental/packetpool.h
-rw-r--r-- root/root      2177 2019-09-26 12:29 usr/include/phonon4qt5/phonon/experimental/phononnamespace.h
-rw-r--r-- root/root      1530 2019-09-26 12:29 usr/include/phonon4qt5/phonon/experimental/snapshotinterface.h
-rw-r--r-- root/root      3651 2019-09-26 12:29 usr/include/phonon4qt5/phonon/experimental/videodataoutput.h
-rw-r--r-- root/root      2575 2019-09-26 12:29 usr/include/phonon4qt5/phonon/experimental/videodataoutput2.h
-rw-r--r-- root/root      1673 2019-09-26 12:29 usr/include/phonon4qt5/phonon/experimental/videodataoutputinterface.h
-rw-r--r-- root/root      2251 2019-09-26 12:29 usr/include/phonon4qt5/phonon/experimental/videoframe.h
-rw-r--r-- root/root      5243 2019-09-26 12:29 usr/include/phonon4qt5/phonon/experimental/videoframe2.h
-rw-r--r-- root/root      1526 2019-09-26 12:29 usr/include/phonon4qt5/phonon/experimental/videowidget.h
-rw-r--r-- root/root      3828 2019-09-26 12:29 usr/include/phonon4qt5/phonon/experimental/visualization.h
-rw-r--r-- root/root      4024 2019-09-26 12:29 usr/include/phonon4qt5/phonon/globalconfig.h
-rw-r--r-- root/root      9268 2019-09-26 12:29 usr/include/phonon4qt5/phonon/globaldescriptioncontainer.h
-rw-r--r-- root/root     14159 2019-09-26 12:29 usr/include/phonon4qt5/phonon/mediacontroller.h
-rw-r--r-- root/root      2147 2019-09-26 12:29 usr/include/phonon4qt5/phonon/medianode.h
-rw-r--r-- root/root     25140 2019-09-26 12:29 usr/include/phonon4qt5/phonon/mediaobject.h
-rw-r--r-- root/root      8887 2019-09-26 12:29 usr/include/phonon4qt5/phonon/mediaobjectinterface.h
-rw-r--r-- root/root     12975 2019-09-26 12:29 usr/include/phonon4qt5/phonon/mediasource.h
-rw-r--r-- root/root      2644 2019-09-26 12:29 usr/include/phonon4qt5/phonon/mrl.h
-rw-r--r-- root/root     13273 2019-09-26 12:29 usr/include/phonon4qt5/phonon/objectdescription.h
-rw-r--r-- root/root     17108 2019-09-26 12:29 usr/include/phonon4qt5/phonon/objectdescriptionmodel.h
-rw-r--r-- root/root      8029 2019-09-26 12:29 usr/include/phonon4qt5/phonon/path.h
-rw-r--r-- root/root      1795 2019-09-26 12:29 usr/include/phonon4qt5/phonon/phonon_export.h
-rw-r--r-- root/root       302 2019-10-11 19:40 usr/include/phonon4qt5/phonon/phonon_version.h
-rw-r--r-- root/root      4189 2019-09-26 12:29 usr/include/phonon4qt5/phonon/phonondefs.h
-rw-r--r-- root/root      9976 2019-10-11 19:40 usr/include/phonon4qt5/phonon/phononnamespace.h
-rw-r--r-- root/root      4727 2019-09-26 12:29 usr/include/phonon4qt5/phonon/platformplugin.h
-rw-r--r-- root/root      8311 2019-09-26 12:29 usr/include/phonon4qt5/phonon/pulsesupport.h
-rw-r--r-- root/root      4813 2019-09-26 12:29 usr/include/phonon4qt5/phonon/seekslider.h
-rw-r--r-- root/root      5203 2019-09-26 12:29 usr/include/phonon4qt5/phonon/streaminterface.h
-rw-r--r-- root/root      6443 2019-09-26 12:29 usr/include/phonon4qt5/phonon/videoplayer.h
-rw-r--r-- root/root      7616 2019-09-26 12:29 usr/include/phonon4qt5/phonon/videowidget.h
-rw-r--r-- root/root      2741 2019-09-26 12:29 usr/include/phonon4qt5/phonon/videowidgetinterface.h
-rw-r--r-- root/root      6262 2019-09-26 12:29 usr/include/phonon4qt5/phonon/volumefadereffect.h
-rw-r--r-- root/root      1914 2019-09-26 12:29 usr/include/phonon4qt5/phonon/volumefaderinterface.h
-rw-r--r-- root/root      5033 2019-09-26 12:29 usr/include/phonon4qt5/phonon/volumeslider.h
drwxr-xr-x root/root         0 2019-10-11 19:40 usr/lib64/
drwxr-xr-x root/root         0 2019-10-11 19:40 usr/lib64/cmake/
drwxr-xr-x root/root         0 2019-10-11 19:40 usr/lib64/cmake/phonon4qt5/
-rw-r--r-- root/root      3439 2019-10-11 19:40 usr/lib64/cmake/phonon4qt5/Phonon4Qt5Config.cmake
-rw-r--r-- root/root      1383 2019-10-11 19:40 usr/lib64/cmake/phonon4qt5/Phonon4Qt5ConfigVersion.cmake
-rw-r--r-- root/root      1970 2019-10-11 19:40 usr/lib64/cmake/phonon4qt5/Phonon4Qt5ExperimentalConfig.cmake
-rw-r--r-- root/root      1383 2019-10-11 19:40 usr/lib64/cmake/phonon4qt5/Phonon4Qt5ExperimentalConfigVersion.cmake
-rw-r--r-- root/root       940 2019-10-11 19:40 usr/lib64/cmake/phonon4qt5/PhononExperimentalTargets-noconfig.cmake
-rw-r--r-- root/root      4729 2019-10-11 19:40 usr/lib64/cmake/phonon4qt5/PhononExperimentalTargets.cmake
-rw-r--r-- root/root       844 2019-10-11 19:40 usr/lib64/cmake/phonon4qt5/PhononTargets-noconfig.cmake
-rw-r--r-- root/root      3859 2019-10-11 19:40 usr/lib64/cmake/phonon4qt5/PhononTargets.cmake
-rwxr-xr-x root/root    544008 2019-10-11 19:40 usr/lib64/libphonon4qt5.so.4.11.1
-rwxr-xr-x root/root     97112 2019-10-11 19:40 usr/lib64/libphonon4qt5experimental.so.4.11.1
drwxr-xr-x root/root         0 2019-10-11 19:40 usr/lib64/pkgconfig/
-rw-r--r-- root/root       277 2019-10-11 19:40 usr/lib64/pkgconfig/phonon4qt5.pc
drwxr-xr-x root/root         0 2019-10-11 19:40 usr/lib64/qt5/
drwxr-xr-x root/root         0 2019-10-11 19:40 usr/lib64/qt5/mkspecs/
drwxr-xr-x root/root         0 2019-10-11 19:40 usr/lib64/qt5/mkspecs/modules/
-rw-r--r-- root/root       370 2019-10-11 19:40 usr/lib64/qt5/mkspecs/modules/qt_phonon4qt5.pri
drwxr-xr-x root/root         0 2019-10-11 19:40 usr/lib64/qt5/plugins/
drwxr-xr-x root/root         0 2019-10-11 19:40 usr/lib64/qt5/plugins/designer/
-rwxr-xr-x root/root     72312 2019-10-11 19:40 usr/lib64/qt5/plugins/designer/phononwidgets.so
drwxr-xr-x root/root         0 2019-10-11 19:40 usr/share/
drwxr-xr-x root/root         0 2019-10-11 19:40 usr/share/locale/
drwxr-xr-x root/root         0 2019-10-11 19:40 usr/share/locale/ca/
drwxr-xr-x root/root         0 2019-10-11 19:40 usr/share/locale/ca/LC_MESSAGES/
-rw-r--r-- root/root      3148 2019-10-11 19:40 usr/share/locale/ca/LC_MESSAGES/libphonon_qt.qm
-rw-r--r-- root/root      6938 2019-10-11 19:40 usr/share/locale/ca/LC_MESSAGES/phononsettings_qt.qm
drwxr-xr-x root/root         0 2019-10-11 19:40 usr/share/locale/cs/
drwxr-xr-x root/root         0 2019-10-11 19:40 usr/share/locale/cs/LC_MESSAGES/
-rw-r--r-- root/root      2888 2019-10-11 19:40 usr/share/locale/cs/LC_MESSAGES/libphonon_qt.qm
-rw-r--r-- root/root      6278 2019-10-11 19:40 usr/share/locale/cs/LC_MESSAGES/phononsettings_qt.qm
drwxr-xr-x root/root         0 2019-10-11 19:40 usr/share/locale/de/
drwxr-xr-x root/root         0 2019-10-11 19:40 usr/share/locale/de/LC_MESSAGES/
-rw-r--r-- root/root      3054 2019-10-11 19:40 usr/share/locale/de/LC_MESSAGES/libphonon_qt.qm
-rw-r--r-- root/root      6638 2019-10-11 19:40 usr/share/locale/de/LC_MESSAGES/phononsettings_qt.qm
drwxr-xr-x root/root         0 2019-10-11 19:40 usr/share/locale/en_GB/
drwxr-xr-x root/root         0 2019-10-11 19:40 usr/share/locale/en_GB/LC_MESSAGES/
-rw-r--r-- root/root        23 2019-10-11 19:40 usr/share/locale/en_GB/LC_MESSAGES/libphonon_qt.qm
-rw-r--r-- root/root      1242 2019-10-11 19:40 usr/share/locale/en_GB/LC_MESSAGES/phononsettings_qt.qm
drwxr-xr-x root/root         0 2019-10-11 19:40 usr/share/locale/es/
drwxr-xr-x root/root         0 2019-10-11 19:40 usr/share/locale/es/LC_MESSAGES/
-rw-r--r-- root/root      3130 2019-10-11 19:40 usr/share/locale/es/LC_MESSAGES/libphonon_qt.qm
-rw-r--r-- root/root      6908 2019-10-11 19:40 usr/share/locale/es/LC_MESSAGES/phononsettings_qt.qm
drwxr-xr-x root/root         0 2019-10-11 19:40 usr/share/locale/eu/
drwxr-xr-x root/root         0 2019-10-11 19:40 usr/share/locale/eu/LC_MESSAGES/
-rw-r--r-- root/root      3006 2019-10-11 19:40 usr/share/locale/eu/LC_MESSAGES/libphonon_qt.qm
-rw-r--r-- root/root      6602 2019-10-11 19:40 usr/share/locale/eu/LC_MESSAGES/phononsettings_qt.qm
drwxr-xr-x root/root         0 2019-10-11 19:40 usr/share/locale/fi/
drwxr-xr-x root/root         0 2019-10-11 19:40 usr/share/locale/fi/LC_MESSAGES/
-rw-r--r-- root/root      2918 2019-10-11 19:40 usr/share/locale/fi/LC_MESSAGES/libphonon_qt.qm
-rw-r--r-- root/root        23 2019-10-11 19:40 usr/share/locale/fi/LC_MESSAGES/phononsettings_qt.qm
drwxr-xr-x root/root         0 2019-10-11 19:40 usr/share/locale/fr/
drwxr-xr-x root/root         0 2019-10-11 19:40 usr/share/locale/fr/LC_MESSAGES/
-rw-r--r-- root/root      3014 2019-10-11 19:40 usr/share/locale/fr/LC_MESSAGES/libphonon_qt.qm
-rw-r--r-- root/root      7118 2019-10-11 19:40 usr/share/locale/fr/LC_MESSAGES/phononsettings_qt.qm
drwxr-xr-x root/root         0 2019-10-11 19:40 usr/share/locale/gl/
drwxr-xr-x root/root         0 2019-10-11 19:40 usr/share/locale/gl/LC_MESSAGES/
-rw-r--r-- root/root      2954 2019-10-11 19:40 usr/share/locale/gl/LC_MESSAGES/libphonon_qt.qm
drwxr-xr-x root/root         0 2019-10-11 19:40 usr/share/locale/id/
drwxr-xr-x root/root         0 2019-10-11 19:40 usr/share/locale/id/LC_MESSAGES/
-rw-r--r-- root/root      2847 2019-10-11 19:40 usr/share/locale/id/LC_MESSAGES/libphonon_qt.qm
-rw-r--r-- root/root        16 2019-10-11 19:40 usr/share/locale/id/LC_MESSAGES/phononsettings_qt.qm
drwxr-xr-x root/root         0 2019-10-11 19:40 usr/share/locale/it/
drwxr-xr-x root/root         0 2019-10-11 19:40 usr/share/locale/it/LC_MESSAGES/
-rw-r--r-- root/root      3042 2019-10-11 19:40 usr/share/locale/it/LC_MESSAGES/libphonon_qt.qm
-rw-r--r-- root/root      7100 2019-10-11 19:40 usr/share/locale/it/LC_MESSAGES/phononsettings_qt.qm
drwxr-xr-x root/root         0 2019-10-11 19:40 usr/share/locale/ko/
drwxr-xr-x root/root         0 2019-10-11 19:40 usr/share/locale/ko/LC_MESSAGES/
-rw-r--r-- root/root      2399 2019-10-11 19:40 usr/share/locale/ko/LC_MESSAGES/libphonon_qt.qm
-rw-r--r-- root/root      4669 2019-10-11 19:40 usr/share/locale/ko/LC_MESSAGES/phononsettings_qt.qm
drwxr-xr-x root/root         0 2019-10-11 19:40 usr/share/locale/nl/
drwxr-xr-x root/root         0 2019-10-11 19:40 usr/share/locale/nl/LC_MESSAGES/
-rw-r--r-- root/root      2890 2019-10-11 19:40 usr/share/locale/nl/LC_MESSAGES/libphonon_qt.qm
-rw-r--r-- root/root      6503 2019-10-11 19:40 usr/share/locale/nl/LC_MESSAGES/phononsettings_qt.qm
drwxr-xr-x root/root         0 2019-10-11 19:40 usr/share/locale/nn/
drwxr-xr-x root/root         0 2019-10-11 19:40 usr/share/locale/nn/LC_MESSAGES/
-rw-r--r-- root/root      2886 2019-10-11 19:40 usr/share/locale/nn/LC_MESSAGES/libphonon_qt.qm
-rw-r--r-- root/root      6155 2019-10-11 19:40 usr/share/locale/nn/LC_MESSAGES/phononsettings_qt.qm
drwxr-xr-x root/root         0 2019-10-11 19:40 usr/share/locale/pl/
drwxr-xr-x root/root         0 2019-10-11 19:40 usr/share/locale/pl/LC_MESSAGES/
-rw-r--r-- root/root      3132 2019-10-11 19:40 usr/share/locale/pl/LC_MESSAGES/libphonon_qt.qm
-rw-r--r-- root/root      6536 2019-10-11 19:40 usr/share/locale/pl/LC_MESSAGES/phononsettings_qt.qm
drwxr-xr-x root/root         0 2019-10-11 19:40 usr/share/locale/pt/
drwxr-xr-x root/root         0 2019-10-11 19:40 usr/share/locale/pt/LC_MESSAGES/
-rw-r--r-- root/root      3066 2019-10-11 19:40 usr/share/locale/pt/LC_MESSAGES/libphonon_qt.qm
-rw-r--r-- root/root      6962 2019-10-11 19:40 usr/share/locale/pt/LC_MESSAGES/phononsettings_qt.qm
drwxr-xr-x root/root         0 2019-10-11 19:40 usr/share/locale/pt_BR/
drwxr-xr-x root/root         0 2019-10-11 19:40 usr/share/locale/pt_BR/LC_MESSAGES/
-rw-r--r-- root/root      3024 2019-10-11 19:40 usr/share/locale/pt_BR/LC_MESSAGES/libphonon_qt.qm
-rw-r--r-- root/root      6926 2019-10-11 19:40 usr/share/locale/pt_BR/LC_MESSAGES/phononsettings_qt.qm
drwxr-xr-x root/root         0 2019-10-11 19:40 usr/share/locale/sk/
drwxr-xr-x root/root         0 2019-10-11 19:40 usr/share/locale/sk/LC_MESSAGES/
-rw-r--r-- root/root      2902 2019-10-11 19:40 usr/share/locale/sk/LC_MESSAGES/libphonon_qt.qm
-rw-r--r-- root/root      6296 2019-10-11 19:40 usr/share/locale/sk/LC_MESSAGES/phononsettings_qt.qm
drwxr-xr-x root/root         0 2019-10-11 19:40 usr/share/locale/sr/
drwxr-xr-x root/root         0 2019-10-11 19:40 usr/share/locale/sr/LC_MESSAGES/
-rw-r--r-- root/root      3001 2019-10-11 19:40 usr/share/locale/sr/LC_MESSAGES/libphonon_qt.qm
drwxr-xr-x root/root         0 2019-10-11 19:40 usr/share/locale/sr@ijekavian/
drwxr-xr-x root/root         0 2019-10-11 19:40 usr/share/locale/sr@ijekavian/LC_MESSAGES/
-rw-r--r-- root/root      3017 2019-10-11 19:40 usr/share/locale/sr@ijekavian/LC_MESSAGES/libphonon_qt.qm
drwxr-xr-x root/root         0 2019-10-11 19:40 usr/share/locale/sr@ijekavianlatin/
drwxr-xr-x root/root         0 2019-10-11 19:40 usr/share/locale/sr@ijekavianlatin/LC_MESSAGES/
-rw-r--r-- root/root      2981 2019-10-11 19:40 usr/share/locale/sr@ijekavianlatin/LC_MESSAGES/libphonon_qt.qm
drwxr-xr-x root/root         0 2019-10-11 19:40 usr/share/locale/sr@latin/
drwxr-xr-x root/root         0 2019-10-11 19:40 usr/share/locale/sr@latin/LC_MESSAGES/
-rw-r--r-- root/root      2965 2019-10-11 19:40 usr/share/locale/sr@latin/LC_MESSAGES/libphonon_qt.qm
drwxr-xr-x root/root         0 2019-10-11 19:40 usr/share/locale/sv/
drwxr-xr-x root/root         0 2019-10-11 19:40 usr/share/locale/sv/LC_MESSAGES/
-rw-r--r-- root/root      2946 2019-10-11 19:40 usr/share/locale/sv/LC_MESSAGES/libphonon_qt.qm
-rw-r--r-- root/root      6304 2019-10-11 19:40 usr/share/locale/sv/LC_MESSAGES/phononsettings_qt.qm
drwxr-xr-x root/root         0 2019-10-11 19:40 usr/share/locale/uk/
drwxr-xr-x root/root         0 2019-10-11 19:40 usr/share/locale/uk/LC_MESSAGES/
-rw-r--r-- root/root      2999 2019-10-11 19:40 usr/share/locale/uk/LC_MESSAGES/libphonon_qt.qm
-rw-r--r-- root/root      6607 2019-10-11 19:40 usr/share/locale/uk/LC_MESSAGES/phononsettings_qt.qm
drwxr-xr-x root/root         0 2019-10-11 19:40 usr/share/locale/zh_CN/
drwxr-xr-x root/root         0 2019-10-11 19:40 usr/share/locale/zh_CN/LC_MESSAGES/
-rw-r--r-- root/root      2181 2019-10-11 19:40 usr/share/locale/zh_CN/LC_MESSAGES/libphonon_qt.qm
-rw-r--r-- root/root        16 2019-10-11 19:40 usr/share/locale/zh_CN/LC_MESSAGES/phononsettings_qt.qm
drwxr-xr-x root/root         0 2019-10-11 19:40 usr/share/phonon4qt5/
drwxr-xr-x root/root         0 2019-10-11 19:40 usr/share/phonon4qt5/buildsystem/
-rw-r--r-- root/root       147 2019-09-26 12:29 usr/share/phonon4qt5/buildsystem/FindPhononInternal.cmake


